he
heidän
he
heitä
heinä
heiksi
heissä
heistä
heidän
heillä
heiltä
heille
heittä
