hän
hänen
hän
häntä
hänenä
häneksi
hänessä
hänestä
häneen
hänellä
häneltä
hänelle
hänettä
