me
meidän
me
meitä
meinä
meiksi
meissä
meistä
meidän
meillä
meiltä
meille
meittä
