minÃ¤
minun
minÃ¤
minua
minuna
minuksi
minussa
minusta
minun
minulla
minulta
minulle
minutta
