nallet
nallejen
nallet
nalleja
nalleina
nalleiksi
nalleissa
nalleista
nalleihin
nalleilla
nalleilta
nalleille
nalleitta
