nalle
nallen
nalle
nallea
nallena
nalleksi
nallessa
nallesta
nalleen
nallella
nallelta
nallelle
nalletta
