sinä
sinun
sinä
sinua
sinuna
sinuksi
sinussa
sinusta
sinun
sinulla
sinulta
sinulle
sinutta
