te
teidän
te
teitä
teinä
teiksi
teissä
teistä
teidän
teillä
teiltä
teille
teittä
